[srmnotesadda.in/index.html]
[backblue.gif]
[fade.gif]
[index.html]
[c0.wp.com/c/6.1.1/wp-includes/css/dist/block-library/style.min.css]
[c0.wp.com/c/6.1.1/wp-includes/js/mediaelement/mediaelementplayer-legacy.min.css]
[c0.wp.com/c/6.1.1/wp-includes/js/mediaelement/wp-mediaelement.min.css]
[srmnotesadda.in/feed/index.html]
[srmnotesadda.in/wp-content/plugins/adfoxly/public/css/adfoxly-publicdbe8.css]
[srmnotesadda.in/comments/feed/index.html]
[c0.wp.com/c/6.1.1/wp-includes/css/dashicons.min.css]
[srmnotesadda.in/wp-content/plugins/wpfront-scroll-top/css/wpfront-scroll-top.min47ac.css]
[srmnotesadda.in/wp-content/themes/neve/assets/css/style-legacy.minedb1.css]
[srmnotesadda.in/wp-content/plugins/elementor/assets/lib/eicons/css/elementor-icons.min91ce.css]
[srmnotesadda.in/wp-content/plugins/elementor/assets/css/frontend-legacy.min9e95.css]
[srmnotesadda.in/wp-content/plugins/elementor/assets/css/frontend.min9e95.css]
[srmnotesadda.in/wp-content/uploads/elementor/css/post-84dfb.css]
[srmnotesadda.in/wp-content/uploads/elementor/css/global4dfb.css]
[srmnotesadda.in/wp-content/uploads/elementor/css/post-6069db.css]
[c0.wp.com/p/jetpack/11.5.1/css/jetpack.css]
[c0.wp.com/c/6.1.1/wp-includes/js/jquery/jquery.min.js]
[c0.wp.com/c/6.1.1/wp-includes/js/jquery/jquery-migrate.min.js]
[srmnotesadda.in/wp-content/plugins/adfoxly/public/js/adfoxly-publicdbe8.js]
[srmnotesadda.in/wp-json/wp/v2/pages/60.json]
[srmnotesadda.in/wp-json/index.html]
[srmnotesadda.in/xmlrpc0db0.php]
[srmnotesadda.in/wp-includes/wlwmanifest.xml]
[srmnotesadda.in/wp-json/oembed/1.0/embed847e.json]
[srmnotesadda.in/wp-json/oembed/1.0/embedb0d4]
[srmnotesadda.in/OneSignalSDKUpdaterWorker.js.php]
[srmnotesadda.in/OneSignalSDKWorker.js.php]
[srmnotesadda.in/wp-content/uploads/2020/09/cropped-srmnotesadda-1-32x32.png]
[srmnotesadda.in/wp-content/uploads/2020/09/cropped-srmnotesadda-1-192x192.png]
[srmnotesadda.in/wp-content/plugins/onesignal-free-web-push-notifications/sdk_files/index.html]
[srmnotesadda.in/wp-content/uploads/2020/09/cropped-srmnotesadda-1-180x180.png]
[srmnotesadda.in/wp-content/uploads/2020/09/cropped-Tag-line.png]
[pagead2.googlesyndication.com/pagead/js/f9d81.txt]
[srmnotesadda.in/wp-content/uploads/2020/09/ali-yahya-TcKxqHGkRI-unsplash-1.png]
[srmnotesadda.in/category/1-year-elab-codes/index.html]
[srmnotesadda.in/first-year-elab-level-1-i-2021/index.html]
[srmnotesadda.in/first-year-elab-level-1-ii-2021/index.html]
[srmnotesadda.in/wp-content/uploads/2020/09/c-banner.jpg]
[srmnotesadda.in/first-year-elab-level-1-iii-2021/index.html]
[srmnotesadda.in/first-year-elab-level-2-2021/index.html]
[srmnotesadda.in/wp-content/uploads/2020/09/cpp_banner1.jpg]
[srmnotesadda.in/wp-content/uploads/2020/09/dS.png]
[srmnotesadda.in/first-year-elab-level-3-2021/index.html]
[srmnotesadda.in/wp-content/uploads/2020/09/Ebboks-banner.png]
[srmnotesadda.in/pps-elab/index.html]
[srmnotesadda.in/wp-content/uploads/2021/02/1-year-min.png]
[srmnotesadda.in/wp-content/uploads/2021/02/2-year-min.png]
[srmnotesadda.in/wp-content/uploads/2021/02/3-year-min.png]
[srmnotesadda.in/2-year-elab-codes/index.html]
[srmnotesadda.in/wp-content/uploads/2021/02/4-year-min.png]
[srmnotesadda.in/data-structures-elab/index.html]
[srmnotesadda.in/srm-elab-oops-codes-2020/index.html]
[srmnotesadda.in/wp-content/plugins/wpfront-scroll-top/images/icons/12.png]
[srmnotesadda.in/wp-content/plugins/elementor/assets/lib/animations/animations.min9e95.css]
[srmnotesadda.in/blogs/index.html]
[srmnotesadda.in/hackerrank-srm-ccc-all-solutions/index.html]
[srmnotesadda.in/wp-content/plugins/wpfront-scroll-top/js/wpfront-scroll-top.min47ac.js]
[srmnotesadda.in/privacy-policy/index.html]
[srmnotesadda.in/wp-content/plugins/ad-invalid-click-protector/assets/js/js.cookie.min6e0e.js]
[srmnotesadda.in/faq/index.html]
[srmnotesadda.in/disclaimer/index.html]
[srmnotesadda.in/became-the-contributor/index.html]
[srmnotesadda.in/wp-content/plugins/ad-invalid-click-protector/assets/js/jquery.iframetracker.min3c94.js]
[srmnotesadda.in/wp-content/plugins/ad-invalid-click-protector/assets/js/aicp.min5152.js]
[srmnotesadda.in/wp-content/themes/neve/assets/js/build/modern/frontendedb1.js]
[srmnotesadda.in/wp-content/plugins/wp-smushit/app/assets/js/smush-lazy-load.min0fca.js]
[cdn.onesignal.com/sdks/OneSignalSDK6a4d.js]
[srmnotesadda.in/wp-content/plugins/devvn-float-left-right-ads/left-right-ads/float-left-right19f6.js]
[srmnotesadda.in/wp-content/plugins/elementor/assets/js/webpack.runtime.min9e95.js]
[srmnotesadda.in/wp-content/plugins/elementor/assets/js/frontend-modules.min9e95.js]
[srmnotesadda.in/wp-content/plugins/elementor/assets/lib/waypoints/waypoints.min05da.js]
[c0.wp.com/c/6.1.1/wp-includes/js/jquery/ui/core.min.js]
[srmnotesadda.in/wp-content/plugins/elementor/assets/lib/swiper/swiper.min48f5.js]
[srmnotesadda.in/wp-content/plugins/elementor/assets/lib/share-link/share-link.min9e95.js]
[srmnotesadda.in/wp-content/plugins/elementor/assets/lib/dialog/dialog.mind227.js]
[srmnotesadda.in/wp-content/plugins/elementor/assets/js/frontend.min9e95.js]
[srmnotesadda.in/wp-content/plugins/elementor/assets/js/preloaded-modules.min9e95.js]
[c0.wp.com/c/6.1.1/wp-includes/js/underscore.min.js]
[c0.wp.com/c/6.1.1/wp-includes/js/wp-util.min.js]
[srmnotesadda.in/wp-content/plugins/wpforms/assets/js/integrations/elementor/frontend.minf343.js]
[srmnotesadda.in/index.html]
[c0.wp.com/c/6.1.1/wp-includes/css/dist/block-library/style.min.css]
[stats.wp.com/e-202246.js]
[c0.wp.com/c/6.1.1/wp-includes/js/mediaelement/mediaelementplayer-legacy.min.css]
[c0.wp.com/c/6.1.1/wp-includes/js/mediaelement/wp-mediaelement.min.css]
[c0.wp.com/c/6.1.1/wp-includes/css/classic-themes.min.css]
[srmnotesadda.in/wp-content/plugins/adfoxly/public/css/adfoxly-publicdbe8.css]
[c0.wp.com/c/6.1.1/wp-includes/css/dashicons.min.css]
[srmnotesadda.in/wp-content/plugins/wpfront-scroll-top/css/wpfront-scroll-top.min47ac.css]
[srmnotesadda.in/wp-content/themes/neve/assets/css/style-legacy.minedb1.css]
[c0.wp.com/c/6.1.1/wp-includes/js/mediaelement/mejs-controls.svg]
[srmnotesadda.in/wp-content/plugins/elementor/assets/lib/eicons/fonts/eicons1075.eot]
[srmnotesadda.in/wp-content/plugins/elementor/assets/lib/eicons/fonts/eicons1075.woff2]
[srmnotesadda.in/wp-content/plugins/elementor/assets/lib/eicons/fonts/eicons1075.woff]
[srmnotesadda.in/wp-content/plugins/elementor/assets/lib/eicons/fonts/eicons1075.ttf]
[srmnotesadda.in/wp-content/plugins/elementor/assets/lib/eicons/css/elementor-icons.min91ce.css]
[srmnotesadda.in/wp-content/plugins/elementor/assets/css/frontend-legacy.min9e95.css]
[srmnotesadda.in/wp-content/plugins/elementor/assets/css/frontend.min9e95.css]
[srmnotesadda.in/wp-content/uploads/elementor/css/post-84dfb.css]
[srmnotesadda.in/wp-content/uploads/elementor/css/global4dfb.css]
[srmnotesadda.in/wp-content/uploads/elementor/css/post-6069db.css]
[c0.wp.com/p/jetpack/11.5.1/modules/shortcodes/img/slideshow-controls.png]
[srmnotesadda.in/wp-content/plugins/elementor/assets/lib/eicons/fonts/eicons1075.svg]
[c0.wp.com/p/jetpack/11.5.1/modules/shortcodes/img/slideshow-controls-2x.png]
[c0.wp.com/p/jetpack/11.5.1/modules/shortcodes/images/slide-nav.png]
[c0.wp.com/p/jetpack/11.5.1/modules/shortcodes/images/expand.png]
[c0.wp.com/p/jetpack/11.5.1/modules/shortcodes/images/collapse.png]
[secure.gravatar.com/images/grav-share-sprite.png]
[c0.wp.com/p/jetpack/11.5.1/css/jetpack.css]
[srmnotesadda.in/wp-content/plugins/adfoxly/public/js/adfoxly-publicdbe8.js]
[srmnotesadda.in/wp-content/plugins/adfoxly/public/js/adfoxly-public-ajaxdbe8.js]
[srmnotesadda.in/OneSignalSDKUpdaterWorker.js.html]
[srmnotesadda.in/OneSignalSDKWorker.js.html]
[srmnotesadda.in/wp-content/plugins/onesignal-free-web-push-notifications/sdk_files/index.html]
[srmnotesadda.in/wp-content/plugins/easy-table-of-contents/assets/css/screen.min6a4d.css]
[srmnotesadda.in/wp-json/wp/v2/categories/32.json]
[srmnotesadda.in/category/1-year-elab-codes/feed/index.html]
[srmnotesadda.in/category/1-year-elab-codes/OneSignalSDKUpdaterWorker.js.php]
[srmnotesadda.in/category/1-year-elab-codes/OneSignalSDKWorker.js.php]
[srmnotesadda.in/category/1-year-elab-codes/index.html]
[srmnotesadda.in/xmlrpc.php]
[srmnotesadda.in/wp-content/uploads/elementor/css/post-1156800c.css]
[srmnotesadda.in/first-year-elab-level-1-i-2021/feed/index.html]
[srmnotesadda.in/wp-json/wp/v2/posts/1156.json]
[srmnotesadda.in/wp-json/oembed/1.0/embed1b2c.json]
[srmnotesadda.in/wp-json/oembed/1.0/embed7b1d]
[srmnotesadda.in/first-year-elab-level-1-i-2021/OneSignalSDKUpdaterWorker.js.php]
[srmnotesadda.in/first-year-elab-level-1-i-2021/OneSignalSDKWorker.js.php]
[srmnotesadda.in/wp-content/uploads/2021/07/41W5NMZsJL-300x261.jpg]
[srmnotesadda.in/wp-content/uploads/2021/07/61YWNE0bQfL._SL1500_-300x300.jpg]
[srmnotesadda.in/wp-content/uploads/2021/07/61NrIqFnmoL._SL1500_-200x300.jpg]
[srmnotesadda.in/wp-content/uploads/2021/07/51516PxSL._SL1500_-293x300.jpg]
[srmnotesadda.in/wp-content/uploads/2021/07/71YsgUJErGL._SL1500_-300x248.jpg]
[srmnotesadda.in/wp-content/uploads/2021/07/51z1PYYltL-300x300.jpg]
[srmnotesadda.in/wp-content/uploads/2021/07/61cD3XdlzzL._SL1136_-285x300.jpg]
[srmnotesadda.in/wp-content/uploads/2021/07/41ysoC0mdHL-300x221.jpg]
[srmnotesadda.in/wp-content/uploads/2021/07/71RxTP5GWoL._SL1500_-300x300.jpg]
[srmnotesadda.in/wp-content/uploads/2021/07/41UYenFlnL-300x263.jpg]
[srmnotesadda.in/wp-content/uploads/2021/07/61WUqJd4dfS._SL1000_-300x300.jpg]
[srmnotesadda.in/wp-content/uploads/2021/07/519yr1c9nJS._SL1500_-242x300.jpg]
[srmnotesadda.in/wp-content/uploads/2021/07/61G5-hNFMYL._SL1000_-300x300.jpg]
[srmnotesadda.in/wp-content/uploads/2021/07/61drIizdNL._SL1200_-300x300.jpg]
[srmnotesadda.in/wp-content/uploads/2021/07/51ax8peHlPL._SL1000_-300x300.jpg]
[srmnotesadda.in/wp-content/uploads/2021/07/617cHC56XL._SL1024_-300x300.jpg]
[srmnotesadda.in/wp-content/uploads/2021/07/71LRBr1aLNS._SL1500_-300x300.jpg]
[srmnotesadda.in/wp-content/uploads/2021/07/81v-h4I5CCL._SL1500_-300x300.jpg]
[srmnotesadda.in/wp-content/uploads/2021/07/6104G764M6L._SL1000_-300x300.jpg]
[srmnotesadda.in/wp-content/uploads/2021/07/7154EWu-5LL._SL1500_-300x300.jpg]
[srmnotesadda.in/wp-content/uploads/2021/07/61VCkBSXL._SL1412_-200x300.jpg]
[srmnotesadda.in/wp-content/uploads/2021/07/51FQEm5hPCL._SL1000_-300x300.jpg]
[srmnotesadda.in/wp-content/uploads/2021/07/814GLptEg6L._SL1500_-300x300.jpg]
[srmnotesadda.in/wp-content/uploads/2021/07/61AssSXffkL._SL1024_-300x250.jpg]
[c0.wp.com/c/6.1.1/wp-includes/js/comment-reply.min.js]
[srmnotesadda.in/wp-content/plugins/easy-table-of-contents/vendor/smooth-scroll/jquery.smooth-scroll.min3601.js]
[srmnotesadda.in/tag/srm-ap/index.html]
[srmnotesadda.in/wp-content/plugins/easy-table-of-contents/vendor/js-cookie/js.cookie.min77e6.js]
[srmnotesadda.in/tag/srm-coding/index.html]
[srmnotesadda.in/wp-content/plugins/easy-table-of-contents/vendor/sticky-kit/jquery.sticky-kit.min2c00.js]
[srmnotesadda.in/tag/srm-coding-society/index.html]
[srmnotesadda.in/tag/srm-chennai/index.html]
[srmnotesadda.in/first-year-elab-level-1-i-2021/index.html]
[srmnotesadda.in/wp-content/plugins/easy-table-of-contents/assets/js/front.min095f.js]
[srmnotesadda.in/tag/srm-ramapuram/index.html]
[srmnotesadda.in/wp-content/uploads/elementor/css/post-1193cc11.css]
[srmnotesadda.in/first-year-elab-level-1-ii-2021/feed/index.html]
[srmnotesadda.in/tag/srm-elab/index.html]
[srmnotesadda.in/tag/srm-oops/index.html]
[srmnotesadda.in/tag/srm-sonipat/index.html]
[srmnotesadda.in/wp-json/oembed/1.0/embeda47b.json]
[srmnotesadda.in/wp-json/wp/v2/posts/1193.json]
[srmnotesadda.in/wp-json/oembed/1.0/embede3db]
[srmnotesadda.in/first-year-elab-level-1-ii-2021/OneSignalSDKUpdaterWorker.js.php]
[srmnotesadda.in/first-year-elab-level-1-ii-2021/OneSignalSDKWorker.js.php]
[srmnotesadda.in/wp-content/uploads/2021/07/61VbrolM8kS._SL1500_-min-1024x1024.jpg]
[srmnotesadda.in/wp-content/uploads/2021/07/71fJ-gmBZtL._SL1500_-300x300.jpg]
[srmnotesadda.in/wp-content/uploads/2021/07/71umUYyjXrL._SL1500_-min-1024x1024.jpg]
[srmnotesadda.in/wp-content/uploads/2021/07/51VohtD1dnL._SL1080_-297x300.jpg]
[srmnotesadda.in/wp-content/uploads/2021/07/71yVxxbY8GL._SL1001_-min-250x300.jpg]
[srmnotesadda.in/wp-content/uploads/2021/07/81iT974gkRL._SL1500_-min-300x300.jpg]
[srmnotesadda.in/wp-content/uploads/2021/07/61ZqI4nOnEL._SL1500_-300x300.jpg]
[srmnotesadda.in/wp-content/uploads/2021/07/710WIDtXBoL._UL1500_-min-300x300.jpg]
[srmnotesadda.in/wp-content/uploads/2021/07/81gqM6ouEcL._SL1500_-min-300x300.jpg]
[srmnotesadda.in/wp-content/uploads/2021/07/71PeTPz2iBL._SL1500_-min-300x200.jpg]
[srmnotesadda.in/wp-content/uploads/2021/07/718M8y2wXsS._UL1467_-min-225x300.jpg]
[srmnotesadda.in/wp-content/uploads/2021/07/61EXU8BuGZL._SL1100_-300x300.jpg]
[srmnotesadda.in/wp-content/uploads/2021/07/914hFeTU2-L._SL1500_-min-300x238.jpg]
[srmnotesadda.in/wp-content/uploads/2021/07/61Ku84ZgddL._SL1186_-300x259.jpg]
[srmnotesadda.in/wp-content/uploads/2021/07/51Bm0YLApcL._SL1212_-300x284.jpg]
[srmnotesadda.in/wp-content/uploads/2021/07/81csyW-4y5L._SL1500_-300x250.jpg]
[srmnotesadda.in/wp-content/uploads/2021/07/61NrIqFnmoL._SL1500_-1-200x300.jpg]
[srmnotesadda.in/wp-content/uploads/2021/07/61YyzKD24dL._SL1500_-1024x827.jpg]
[srmnotesadda.in/wp-content/uploads/2021/07/61iNrE9VuS._SL1080_-300x300.jpg]
[srmnotesadda.in/wp-content/uploads/2021/07/81XNzjmXiL._SL1500_-min-266x300.jpg]
[srmnotesadda.in/wp-content/uploads/2021/07/81sIxzluFLL._SL1500_-min-1024x1024.jpg]
[srmnotesadda.in/wp-content/uploads/2021/07/71wWyqj39L._SL1280_-min-252x300.jpg]
[srmnotesadda.in/wp-content/uploads/2021/07/61bSCk-fKzL._SL1500_-min-300x300.jpg]
[srmnotesadda.in/wp-content/uploads/2021/07/61IUjXFv8LL._UL1000_-300x300.jpg]
[srmnotesadda.in/wp-content/uploads/2021/07/71V4W1diUBL._SL1500_-300x300.jpg]
[srmnotesadda.in/wp-content/uploads/2021/07/71Loicvg3ML._SL1500_-min-300x300.jpg]
[srmnotesadda.in/wp-content/uploads/2021/07/813yv5z55AL._UL1500_-min-193x300.jpg]
[srmnotesadda.in/wp-content/uploads/2021/07/81XvptjW5yL._UL1500_-min-300x214.jpg]
[srmnotesadda.in/wp-content/uploads/2021/07/71RAxNZ7o7L._UL1500_-min-300x268.jpg]
[srmnotesadda.in/wp-content/uploads/2021/07/71ZSpNjEl0L._SL1500_-300x300.jpg]
[srmnotesadda.in/wp-content/uploads/2021/07/51rZ7qQuUmL._SL1080_-300x265.jpg]
[srmnotesadda.in/wp-content/uploads/2021/07/51ntWa1Q0sL._SL1200_-300x256.jpg]
[srmnotesadda.in/wp-content/uploads/2021/07/61daB8vtbL._UL1024_-300x225.jpg]
[srmnotesadda.in/wp-content/uploads/2021/07/518voHRjl-L._SL1000_-300x300.jpg]
[srmnotesadda.in/wp-content/uploads/2021/07/51aOAJ5be0S._UL1000_-300x300.jpg]
[srmnotesadda.in/first-year-elab-level-1-ii-2021/index.html]
[stats.wp.com/e-202247.js]
[srmnotesadda.in/wp-content/uploads/elementor/css/post-146237db.css]
[srmnotesadda.in/first-year-elab-level-1-iii-2021/feed/index.html]
[srmnotesadda.in/wp-json/wp/v2/posts/1462.json]
[srmnotesadda.in/wp-json/oembed/1.0/embedacfc.json]
[srmnotesadda.in/wp-json/oembed/1.0/embed2f03]
[srmnotesadda.in/first-year-elab-level-1-iii-2021/OneSignalSDKUpdaterWorker.js.php]
[srmnotesadda.in/first-year-elab-level-1-iii-2021/OneSignalSDKWorker.js.php]
[srmnotesadda.in/cdn-cgi/l/email-protection.html]
[srmnotesadda.in/first-year-elab-level-1-iii-2021/index.html]
[srmnotesadda.in/cdn-cgi/scripts/5c5dd728/cloudflare-static/email-decode.min.js]
[srmnotesadda.in/wp-content/uploads/elementor/css/post-12004f38.css]
[srmnotesadda.in/first-year-elab-level-2-2021/feed/index.html]
[srmnotesadda.in/wp-json/wp/v2/posts/1200.json]
[srmnotesadda.in/wp-json/oembed/1.0/embedc30c.json]
[srmnotesadda.in/wp-json/oembed/1.0/embede6b7]
[srmnotesadda.in/first-year-elab-level-2-2021/OneSignalSDKUpdaterWorker.js.php]
[srmnotesadda.in/first-year-elab-level-2-2021/OneSignalSDKWorker.js.php]
[srmnotesadda.in/first-year-elab-level-2-2021/index.html]
[srmnotesadda.in/first-year-elab-level-2-i-2021/index.html]
[srmnotesadda.in/first-year-elab-level-2-ii-2021/index.html]
[srmnotesadda.in/first-year-elab-level-2-iii-2021/index.html]
[srmnotesadda.in/wp-content/uploads/elementor/css/post-12093b65.css]
[srmnotesadda.in/first-year-elab-level-3-2021/feed/index.html]
[srmnotesadda.in/wp-json/wp/v2/posts/1209.json]
[srmnotesadda.in/wp-json/oembed/1.0/embed4bfa.json]
[srmnotesadda.in/wp-json/oembed/1.0/embedba13]
[srmnotesadda.in/tag/srm-c/index.html]
[srmnotesadda.in/first-year-elab-level-3-2021/OneSignalSDKUpdaterWorker.js.php]
[srmnotesadda.in/first-year-elab-level-3-2021/OneSignalSDKWorker.js.php]
[srmnotesadda.in/wp-content/uploads/2021/07/61pxXci0qpL._SL1500_-228x300.jpg]
[srmnotesadda.in/wp-content/uploads/2021/07/814d7DPCPfL._SL1500_-135x300.jpg]
[srmnotesadda.in/wp-content/uploads/2021/07/71iecwdHXSL._UL1500_-300x300.jpg]
[srmnotesadda.in/wp-content/uploads/2021/07/71LRBr1aLNS._SL1500_-min-300x300.jpg]
[srmnotesadda.in/wp-content/uploads/2021/07/41vWnrA0BEL-300x300.jpg]
[srmnotesadda.in/wp-content/uploads/2021/07/81wLT7uAchL._SL1500_-min-300x222.jpg]
[srmnotesadda.in/wp-content/uploads/2021/07/51E5VR3qJL._SL1000_-300x300.jpg]
[srmnotesadda.in/wp-content/uploads/2021/07/51CpXg-SUuL._SL1000_-300x300.jpg]
[srmnotesadda.in/wp-content/uploads/2021/07/71h5DVNWoqL._SL1500_-min-300x300.jpg]
[srmnotesadda.in/wp-content/uploads/2021/07/61YM7MVRVuL._UL1440_-225x300.jpg]
[srmnotesadda.in/wp-content/uploads/2021/07/71RxTP5GWoL._SL1500_-1-300x300.jpg]
[srmnotesadda.in/first-year-elab-level-3-2021/index.html]
[srmnotesadda.in/wp-content/uploads/elementor/css/post-1324633.css]
[srmnotesadda.in/pps-elab/feed/index.html]
[srmnotesadda.in/wp-json/wp/v2/posts/132.json]
[srmnotesadda.in/wp-json/oembed/1.0/embed7073.json]
[srmnotesadda.in/wp-json/oembed/1.0/embed3a9c]
[srmnotesadda.in/pps-elab/OneSignalSDKUpdaterWorker.js.php]
[srmnotesadda.in/pps-elab/OneSignalSDKWorker.js.php]
[srmnotesadda.in/pps-elab/index.html]
[srmnotesadda.in/pps-elab-2/index.html]
[srmnotesadda.in/wp-json/wp/v2/pages/1222.json]
[srmnotesadda.in/wp-json/oembed/1.0/embed4f5b.json]
[srmnotesadda.in/wp-json/oembed/1.0/embed1e3d]
[srmnotesadda.in/2-year-elab-codes/OneSignalSDKUpdaterWorker.js.php]
[srmnotesadda.in/2-year-elab-codes/OneSignalSDKWorker.js.php]
[srmnotesadda.in/2-year-elab-codes/index.html]
[srmnotesadda.in/wp-content/uploads/elementor/css/post-825a42e.css]
[srmnotesadda.in/wp-json/wp/v2/pages/825.json]
[srmnotesadda.in/wp-json/oembed/1.0/embed96f8.json]
[srmnotesadda.in/wp-json/oembed/1.0/embedcad1]
[srmnotesadda.in/data-structures-elab/OneSignalSDKUpdaterWorker.js.php]
[srmnotesadda.in/data-structures-elab/OneSignalSDKWorker.js.php]
[srmnotesadda.in/wp-content/uploads/2021/09/Header_PC_T1-1024x212.jpg]
[srmnotesadda.in/data-structures-elab/index.html]
[srmnotesadda.in/searching/index.html]
[srmnotesadda.in/arrays/index.html]
[srmnotesadda.in/linked-list/index.html]
[srmnotesadda.in/wp-content/uploads/elementor/css/post-640d499.css]
[srmnotesadda.in/stack/index.html]
[srmnotesadda.in/sorting/index.html]
[srmnotesadda.in/tree-1/index.html]
[srmnotesadda.in/wp-json/wp/v2/pages/640.json]
[srmnotesadda.in/tree-2/index.html]
[srmnotesadda.in/queue/index.html]
[srmnotesadda.in/graph/index.html]
[srmnotesadda.in/wp-json/oembed/1.0/embede114.json]
[srmnotesadda.in/hashing/index.html]
[srmnotesadda.in/wp-json/oembed/1.0/embed9b9f]
[srmnotesadda.in/srm-elab-oops-codes-2020/OneSignalSDKUpdaterWorker.js.php]
[srmnotesadda.in/srm-elab-oops-codes-2020/OneSignalSDKWorker.js.php]
[srmnotesadda.in/srm-elab-oops-codes-2020/index.html]
[srmnotesadda.in/i-o-operations/index.html]
[srmnotesadda.in/classes-functions-and-constructors/index.html]
[srmnotesadda.in/operator-overloading/index.html]
[srmnotesadda.in/function-and-constructor-overloading/index.html]
[srmnotesadda.in/blogs/OneSignalSDKUpdaterWorker.js.php]
[srmnotesadda.in/abstract-class-virtual-function-and-friend-function/index.html]
[srmnotesadda.in/templates/index.html]
[srmnotesadda.in/exceptional-handling/index.html]
[srmnotesadda.in/inheritance/index.html]
[srmnotesadda.in/stl/index.html]
[srmnotesadda.in/blogs/OneSignalSDKWorker.js.php]
[srmnotesadda.in/wp-content/uploads/2021/11/ezgif.com-gif-maker-930x485.jpg]
[srmnotesadda.in/blogs/index.html]
[srmnotesadda.in/srm-guide-everything-you-should-know-before-taking-admission-in-srm/index.html]
[srmnotesadda.in/io-stream/index.html]
[srmnotesadda.in/blogs/page/3/index.html]
[srmnotesadda.in/blogs/page/4/index.html]
[srmnotesadda.in/hackerrank-srm-ccc-all-solutions/feed/index.html]
[srmnotesadda.in/wp-json/wp/v2/posts/1833.json]
[srmnotesadda.in/wp-json/oembed/1.0/embeda8a5.json]
[srmnotesadda.in/wp-json/oembed/1.0/embedcc38]
[srmnotesadda.in/hackerrank-srm-ccc-all-solutions/OneSignalSDKUpdaterWorker.js.php]
[srmnotesadda.in/hackerrank-srm-ccc-all-solutions/OneSignalSDKWorker.js.php]
[srmnotesadda.in/hackerrank-srm-ccc-all-solutions/index.html]
[srmnotesadda.in/blogs/page/2/index.html]
[srmnotesadda.in/became-the-contributor/feed/index.html]
[srmnotesadda.in/wp-content/plugins/wpforms/pro/assets/css/vendor/intl-tel-input.minc0f4.css]
[srmnotesadda.in/wp-content/plugins/wpforms/assets/css/wpforms-fullf343.css]
[srmnotesadda.in/wp-json/wp/v2/posts/1569.json]
[srmnotesadda.in/wp-json/oembed/1.0/embeda17e.json]
[srmnotesadda.in/wp-json/oembed/1.0/embed7aaf]
[srmnotesadda.in/became-the-contributor/OneSignalSDKUpdaterWorker.js.php]
[srmnotesadda.in/became-the-contributor/OneSignalSDKWorker.js.php]
[srmnotesadda.in/wp-content/plugins/wpforms/pro/assets/css/dropzone.min9f31.css]
[srmnotesadda.in/wp-content/plugins/wpforms/pro/assets/js/vendor/jquery.intl-tel-input.minc0f4.js]
[srmnotesadda.in/wp-content/plugins/wpforms/pro/assets/js/vendor/dropzone.min9f31.js]
[srmnotesadda.in/wp-content/plugins/wpforms/pro/assets/js/wpforms-file-upload.minf343.js]
[srmnotesadda.in/wp-content/plugins/wpforms/assets/js/jquery.validate.minb3a6.js]
[srmnotesadda.in/wp-content/plugins/wpforms/assets/js/mailcheck.mincfa9.js]
[srmnotesadda.in/wp-content/plugins/wpforms/assets/js/wpformsf343.js]
[srmnotesadda.in/became-the-contributor/index.html]
[srmnotesadda.in/wp-json/wp/v2/pages/971.json]
[srmnotesadda.in/wp-json/oembed/1.0/embed7b43.json]
[srmnotesadda.in/wp-json/oembed/1.0/embed8bcd]
[srmnotesadda.in/disclaimer/OneSignalSDKUpdaterWorker.js.php]
[srmnotesadda.in/disclaimer/OneSignalSDKWorker.js.php]
[srmnotesadda.in/disclaimer/index.html]
[srmnotesadda.in/wp-json/wp/v2/pages/967.json]
[srmnotesadda.in/wp-json/oembed/1.0/embedc40b.json]
[srmnotesadda.in/wp-json/oembed/1.0/embed3f1a]
[srmnotesadda.in/privacy-policy/OneSignalSDKUpdaterWorker.js.php]
[srmnotesadda.in/privacy-policy/OneSignalSDKWorker.js.php]
[srmnotesadda.in/privacy-policy/index.html]
[srmnotesadda.in/wp-content/uploads/elementor/css/post-17577f22.css]
[srmnotesadda.in/wp-json/wp/v2/pages/1757.json]
[srmnotesadda.in/wp-json/oembed/1.0/embed06b0.json]
[srmnotesadda.in/wp-json/oembed/1.0/embed04e4]
[srmnotesadda.in/faq/OneSignalSDKUpdaterWorker.js.php]
[srmnotesadda.in/faq/OneSignalSDKWorker.js.php]
[srmnotesadda.in/faq/index.html]
[srmnotesadda.in/wp-content/plugins/elementor/assets/lib/animations/animations.min9e95.css]
[srmnotesadda.in/wp-content/plugins/wpfront-scroll-top/js/wpfront-scroll-top.min47ac.js]
[srmnotesadda.in/wp-content/plugins/ad-invalid-click-protector/assets/js/js.cookie.min6e0e.js]
[srmnotesadda.in/wp-content/plugins/ad-invalid-click-protector/assets/js/jquery.iframetracker.min3c94.js]
[srmnotesadda.in/wp-content/plugins/ad-invalid-click-protector/assets/js/aicp.min5152.js]
[srmnotesadda.in/POST]
[srmnotesadda.in/wp-content/themes/neve/assets/js/build/modern/frontendedb1.js]
[srmnotesadda.in/wp-content/plugins/wp-smushit/app/assets/js/smush-lazy-load.min0fca.js]
[srmnotesadda.in/wp-content/plugins/devvn-float-left-right-ads/left-right-ads/float-left-right19f6.js]
[srmnotesadda.in/wp-content/plugins/elementor/assets/js/webpack.runtime.min9e95.js]
[srmnotesadda.in/wp-content/plugins/elementor/assets/js/frontend-modules.min9e95.js]
[srmnotesadda.in/wp-content/plugins/elementor/assets/lib/waypoints/waypoints.min05da.js]
[srmnotesadda.in/wp-content/plugins/elementor/assets/lib/swiper/swiper.min48f5.js]
[srmnotesadda.in/Trident/index.html]
[srmnotesadda.in/wp-content/plugins/elementor/assets/lib/share-link/share-link.min9e95.js]
[srmnotesadda.in/Edge/index.html]
[srmnotesadda.in/Firefox/index.html]
[srmnotesadda.in/Gecko/index.html]
[srmnotesadda.in/wp-content/plugins/elementor/assets/lib/dialog/dialog.mind227.js]
[srmnotesadda.in/Version/index.html]
[srmnotesadda.in/version/index-2.html]
[srmnotesadda.in/-negative.svg]
[srmnotesadda.in/wp-content/plugins/elementor/assets/js/frontend.min9e95.js]
[srmnotesadda.in/wp-content/plugins/elementor/assets/js/preloaded-modules.min9e95.js]
[srmnotesadda.in/wp-content/plugins/wpforms/assets/js/integrations/elementor/frontend.minf343.js]
[c0.wp.com/c/6.1.1/wp-includes/js/mediaelement/mejs-controls.svg]
[srmnotesadda.in/wp-content/plugins/elementor/assets/lib/eicons/fonts/eicons1075.svg]
[srmnotesadda.in/wp-content/plugins/easy-table-of-contents/assets/css/screen.min6a4d.css]
[srmnotesadda.in/category/1-year-elab-codes/OneSignalSDKUpdaterWorker.js.html]
[srmnotesadda.in/category/1-year-elab-codes/OneSignalSDKWorker.js.html]
[srmnotesadda.in/xmlrpc.php]
[srmnotesadda.in/wp-content/uploads/elementor/css/post-1156800c.css]
[srmnotesadda.in/indexe196.html]
[srmnotesadda.in/first-year-elab-level-1-i-2021/OneSignalSDKUpdaterWorker.js.html]
[srmnotesadda.in/first-year-elab-level-1-i-2021/OneSignalSDKWorker.js.html]
[srmnotesadda.in/wp-json/wp/v2/tags/7.json]
[srmnotesadda.in/OPR/index.html]
[srmnotesadda.in/tag/srm-ap/OneSignalSDKUpdaterWorker.js.php]
[srmnotesadda.in/tag/srm-ap/feed/index.html]
[srmnotesadda.in/tag/srm-ap/OneSignalSDKWorker.js.php]
[srmnotesadda.in/tag/srm-ap/index.html]
[srmnotesadda.in/wp-json/wp/v2/tags/4.json]
[srmnotesadda.in/tag/srm-chennai/OneSignalSDKUpdaterWorker.js.php]
[srmnotesadda.in/tag/srm-chennai/feed/index.html]
[srmnotesadda.in/tag/srm-chennai/OneSignalSDKWorker.js.php]
[srmnotesadda.in/tag/srm-chennai/index.html]
[srmnotesadda.in/wp-json/wp/v2/tags/8.json]
[srmnotesadda.in/tag/srm-coding/OneSignalSDKUpdaterWorker.js.php]
[srmnotesadda.in/tag/srm-coding/feed/index.html]
[srmnotesadda.in/tag/srm-coding/OneSignalSDKWorker.js.php]
[srmnotesadda.in/tag/srm-coding/index.html]
[srmnotesadda.in/wp-json/wp/v2/tags/12.json]
[srmnotesadda.in/tag/srm-coding-society/feed/index.html]
[srmnotesadda.in/tag/srm-coding-society/OneSignalSDKUpdaterWorker.js.php]
[srmnotesadda.in/tag/srm-coding-society/OneSignalSDKWorker.js.php]
[srmnotesadda.in/tag/srm-coding-society/index.html]
[srmnotesadda.in/wp-json/wp/v2/tags/3.json]
[srmnotesadda.in/tag/srm-elab/OneSignalSDKUpdaterWorker.js.php]
[srmnotesadda.in/tag/srm-elab/feed/index.html]
[srmnotesadda.in/tag/srm-elab/OneSignalSDKWorker.js.php]
[srmnotesadda.in/tag/srm-elab/index.html]
[srmnotesadda.in/wp-json/wp/v2/tags/10.json]
[srmnotesadda.in/tag/srm-oops/OneSignalSDKUpdaterWorker.js.php]
[srmnotesadda.in/tag/srm-oops/feed/index.html]
[srmnotesadda.in/tag/srm-oops/OneSignalSDKWorker.js.php]
[srmnotesadda.in/tag/srm-oops/index.html]
[srmnotesadda.in/wp-json/wp/v2/tags/5.json]
[srmnotesadda.in/tag/srm-ramapuram/OneSignalSDKUpdaterWorker.js.php]
[srmnotesadda.in/tag/srm-ramapuram/OneSignalSDKWorker.js.php]
[srmnotesadda.in/tag/srm-ramapuram/index.html]
[srmnotesadda.in/tag/srm-ramapuram/feed/index.html]
[srmnotesadda.in/wp-json/wp/v2/tags/6.json]
[srmnotesadda.in/tag/srm-sonipat/OneSignalSDKUpdaterWorker.js.php]
[srmnotesadda.in/tag/srm-sonipat/feed/index.html]
[srmnotesadda.in/tag/srm-sonipat/OneSignalSDKWorker.js.php]
[srmnotesadda.in/tag/srm-sonipat/index.html]
[srmnotesadda.in/wp-content/plugins/easy-table-of-contents/vendor/smooth-scroll/jquery.smooth-scroll.min3601.js]
[srmnotesadda.in/wp-content/plugins/easy-table-of-contents/vendor/js-cookie/js.cookie.min77e6.js]
[srmnotesadda.in/wp-content/plugins/easy-table-of-contents/vendor/sticky-kit/jquery.sticky-kit.min2c00.js]
[srmnotesadda.in/wp-content/plugins/easy-table-of-contents/assets/js/front.min095f.js]
[srmnotesadda.in/wp-content/uploads/elementor/css/post-1193cc11.css]
[srmnotesadda.in/indexbe7c.html]
[srmnotesadda.in/first-year-elab-level-1-ii-2021/OneSignalSDKUpdaterWorker.js.html]
[srmnotesadda.in/first-year-elab-level-1-ii-2021/OneSignalSDKWorker.js.html]
[srmnotesadda.in/first-year-elab-level-1-ii-2021/index8528.html]
[srmnotesadda.in/first-year-elab-level-1-ii-2021/index6f0d.html]
[srmnotesadda.in/wp-content/uploads/elementor/css/post-146237db.css]
[srmnotesadda.in/index03e9.html]
[srmnotesadda.in/first-year-elab-level-1-iii-2021/OneSignalSDKUpdaterWorker.js.html]
[srmnotesadda.in/first-year-elab-level-1-iii-2021/OneSignalSDKWorker.js.html]
[srmnotesadda.in/cdn-cgi/l/email-protection.html]
[srmnotesadda.in/first-year-elab-level-1-iii-2021/indexa82a.html]
[srmnotesadda.in/first-year-elab-level-1-iii-2021/index06ab.html]
[srmnotesadda.in/wp-content/uploads/elementor/css/post-12004f38.css]
[srmnotesadda.in/index6d80.html]
[srmnotesadda.in/first-year-elab-level-2-2021/OneSignalSDKUpdaterWorker.js.html]
[srmnotesadda.in/first-year-elab-level-2-2021/OneSignalSDKWorker.js.html]
[srmnotesadda.in/wp-json/wp/v2/tags/9.json]
[srmnotesadda.in/tag/srm-c/OneSignalSDKUpdaterWorker.js.php]
[srmnotesadda.in/tag/srm-c/feed/index.html]
[srmnotesadda.in/tag/srm-c/OneSignalSDKWorker.js.php]
[srmnotesadda.in/tag/srm-c/index.html]
[srmnotesadda.in/wp-content/uploads/elementor/css/post-12093b65.css]
[srmnotesadda.in/index80fa.html]
[srmnotesadda.in/first-year-elab-level-3-2021/OneSignalSDKUpdaterWorker.js.html]
[srmnotesadda.in/first-year-elab-level-3-2021/OneSignalSDKWorker.js.html]
[srmnotesadda.in/wp-content/uploads/elementor/css/post-1324633.css]
[srmnotesadda.in/index31a3.html]
[srmnotesadda.in/pps-elab/OneSignalSDKUpdaterWorker.js.html]
[srmnotesadda.in/pps-elab/OneSignalSDKWorker.js.html]
[srmnotesadda.in/index5708.html]
[srmnotesadda.in/2-year-elab-codes/OneSignalSDKUpdaterWorker.js.html]
[srmnotesadda.in/2-year-elab-codes/OneSignalSDKWorker.js.html]
[srmnotesadda.in/wp-content/uploads/elementor/css/post-825a42e.css]
[srmnotesadda.in/indexee96.html]
[srmnotesadda.in/data-structures-elab/OneSignalSDKUpdaterWorker.js.html]
[srmnotesadda.in/data-structures-elab/OneSignalSDKWorker.js.html]
[srmnotesadda.in/wp-content/uploads/elementor/css/post-8232f9c.css]
[srmnotesadda.in/searching/feed/index.html]
[srmnotesadda.in/wp-json/wp/v2/posts/823.json]
[srmnotesadda.in/wp-json/oembed/1.0/embed7f27.json]
[srmnotesadda.in/wp-json/oembed/1.0/embedaf1f]
[srmnotesadda.in/searching/OneSignalSDKUpdaterWorker.js.php]
[srmnotesadda.in/searching/OneSignalSDKWorker.js.php]
[srmnotesadda.in/searching/index.html]
[srmnotesadda.in/wp-content/uploads/elementor/css/post-83028c3.css]
[srmnotesadda.in/sorting/feed/index.html]
[srmnotesadda.in/wp-json/wp/v2/posts/830.json]
[srmnotesadda.in/searching/indexb951.html]
[srmnotesadda.in/wp-json/oembed/1.0/embedf4a6.json]
[srmnotesadda.in/wp-json/oembed/1.0/embed0131]
[srmnotesadda.in/sorting/OneSignalSDKUpdaterWorker.js.php]
[srmnotesadda.in/sorting/OneSignalSDKWorker.js.php]
[srmnotesadda.in/sorting/index.html]
[srmnotesadda.in/wp-content/uploads/elementor/css/post-843ff45.css]
[srmnotesadda.in/arrays/feed/index.html]
[srmnotesadda.in/sorting/index04d3.html]
[srmnotesadda.in/wp-json/wp/v2/posts/843.json]
[srmnotesadda.in/sorting/indexa858.html]
[srmnotesadda.in/wp-json/oembed/1.0/embed11ec.json]
[srmnotesadda.in/wp-json/oembed/1.0/embed8e99]
[srmnotesadda.in/arrays/OneSignalSDKUpdaterWorker.js.php]
[srmnotesadda.in/arrays/OneSignalSDKWorker.js.php]
[srmnotesadda.in/arrays/index.html]
[srmnotesadda.in/wp-content/uploads/elementor/css/post-8493f76.css]
[srmnotesadda.in/linked-list/feed/index.html]
[srmnotesadda.in/wp-json/wp/v2/posts/849.json]
[srmnotesadda.in/wp-json/oembed/1.0/embed4611.json]
[srmnotesadda.in/wp-json/oembed/1.0/embedcc60]
[srmnotesadda.in/linked-list/OneSignalSDKUpdaterWorker.js.php]
[srmnotesadda.in/linked-list/OneSignalSDKWorker.js.php]
[srmnotesadda.in/linked-list/index.html]
[srmnotesadda.in/wp-content/uploads/elementor/css/post-8554b04.css]
[srmnotesadda.in/stack/feed/index.html]
[srmnotesadda.in/wp-json/wp/v2/posts/855.json]
[srmnotesadda.in/wp-json/oembed/1.0/embedf855.json]
[srmnotesadda.in/wp-json/oembed/1.0/embed3aaa]
[srmnotesadda.in/stack/OneSignalSDKUpdaterWorker.js.php]
[srmnotesadda.in/stack/OneSignalSDKWorker.js.php]
[srmnotesadda.in/stack/index.html]
[srmnotesadda.in/wp-content/uploads/elementor/css/post-861bf37.css]
[srmnotesadda.in/queue/feed/index.html]
[srmnotesadda.in/wp-json/wp/v2/posts/861.json]
[srmnotesadda.in/wp-json/oembed/1.0/embed7d8b.json]
[srmnotesadda.in/wp-json/oembed/1.0/embed4a2b]
[srmnotesadda.in/queue/OneSignalSDKUpdaterWorker.js.php]
[srmnotesadda.in/queue/OneSignalSDKWorker.js.php]
[srmnotesadda.in/queue/index.html]
[srmnotesadda.in/wp-content/uploads/elementor/css/post-8729e27.css]
[srmnotesadda.in/tree-1/feed/index.html]
[srmnotesadda.in/wp-json/wp/v2/posts/872.json]
[srmnotesadda.in/wp-json/oembed/1.0/embed9319.json]
[srmnotesadda.in/wp-json/oembed/1.0/embed483d]
[srmnotesadda.in/tree-1/OneSignalSDKUpdaterWorker.js.php]
[srmnotesadda.in/tree-1/OneSignalSDKWorker.js.php]
[srmnotesadda.in/tree-1/index.html]
[srmnotesadda.in/wp-content/uploads/elementor/css/post-8753102.css]
[srmnotesadda.in/tree-2/feed/index.html]
[srmnotesadda.in/wp-json/wp/v2/posts/875.json]
[srmnotesadda.in/wp-json/oembed/1.0/embed629f.json]
[srmnotesadda.in/wp-json/oembed/1.0/embedd169]
[srmnotesadda.in/tree-2/OneSignalSDKUpdaterWorker.js.php]
[srmnotesadda.in/tree-2/OneSignalSDKWorker.js.php]
[srmnotesadda.in/tree-2/index.html]
[srmnotesadda.in/wp-content/uploads/elementor/css/post-880cecf.css]
[srmnotesadda.in/graph/feed/index.html]
[srmnotesadda.in/wp-json/wp/v2/posts/880.json]
[srmnotesadda.in/tree-2/index360b.html]
[srmnotesadda.in/wp-json/oembed/1.0/embed0235.json]
[srmnotesadda.in/wp-json/oembed/1.0/embedca8b]
[srmnotesadda.in/graph/OneSignalSDKUpdaterWorker.js.php]
[srmnotesadda.in/graph/OneSignalSDKWorker.js.php]
[srmnotesadda.in/graph/index.html]
[srmnotesadda.in/wp-content/uploads/elementor/css/post-886283b.css]
[srmnotesadda.in/hashing/feed/index.html]
[srmnotesadda.in/wp-json/wp/v2/posts/886.json]
[srmnotesadda.in/wp-json/oembed/1.0/embed1a3c.json]
[srmnotesadda.in/wp-json/oembed/1.0/embed3c13]
[srmnotesadda.in/hashing/OneSignalSDKUpdaterWorker.js.php]
[srmnotesadda.in/hashing/OneSignalSDKWorker.js.php]
[srmnotesadda.in/hashing/index.html]
[srmnotesadda.in/wp-content/uploads/elementor/css/post-640d499.css]
[srmnotesadda.in/index55df.html]
[srmnotesadda.in/srm-elab-oops-codes-2020/OneSignalSDKUpdaterWorker.js.html]
[srmnotesadda.in/srm-elab-oops-codes-2020/OneSignalSDKWorker.js.html]
[srmnotesadda.in/wp-content/uploads/elementor/css/post-655e7fd.css]
[srmnotesadda.in/i-o-operations/feed/index.html]
[srmnotesadda.in/wp-json/wp/v2/posts/655.json]
[srmnotesadda.in/wp-json/oembed/1.0/embed2ef2.json]
[srmnotesadda.in/wp-json/oembed/1.0/embed31b5]
[srmnotesadda.in/i-o-operations/OneSignalSDKUpdaterWorker.js.php]
[srmnotesadda.in/i-o-operations/OneSignalSDKWorker.js.php]
[srmnotesadda.in/i-o-operations/index.html]
[srmnotesadda.in/wp-content/uploads/elementor/css/post-656d9df.css]
[srmnotesadda.in/classes-functions-and-constructors/feed/index.html]
[srmnotesadda.in/wp-json/wp/v2/posts/656.json]
[srmnotesadda.in/wp-json/oembed/1.0/embedc83f.json]
[srmnotesadda.in/wp-json/oembed/1.0/embed0e28]
[srmnotesadda.in/classes-functions-and-constructors/OneSignalSDKUpdaterWorker.js.php]
[srmnotesadda.in/classes-functions-and-constructors/OneSignalSDKWorker.js.php]
[srmnotesadda.in/classes-functions-and-constructors/index.html]
[srmnotesadda.in/wp-content/uploads/elementor/css/post-661a134.css]
[srmnotesadda.in/function-and-constructor-overloading/feed/index.html]
[srmnotesadda.in/classes-functions-and-constructors/index0e22.html]
[srmnotesadda.in/wp-json/wp/v2/posts/661.json]
[srmnotesadda.in/classes-functions-and-constructors/index3094.html]
[srmnotesadda.in/wp-json/oembed/1.0/embed7a2b.json]
[srmnotesadda.in/wp-json/oembed/1.0/embed91e7]
[srmnotesadda.in/function-and-constructor-overloading/OneSignalSDKUpdaterWorker.js.php]
[srmnotesadda.in/function-and-constructor-overloading/OneSignalSDKWorker.js.php]
[srmnotesadda.in/function-and-constructor-overloading/index.html]
[srmnotesadda.in/wp-content/uploads/elementor/css/post-665f526.css]
[srmnotesadda.in/operator-overloading/feed/index.html]
[srmnotesadda.in/wp-json/wp/v2/posts/665.json]
[srmnotesadda.in/wp-json/oembed/1.0/embede1bc.json]
[srmnotesadda.in/wp-json/oembed/1.0/embedead0]
[srmnotesadda.in/operator-overloading/OneSignalSDKUpdaterWorker.js.php]
[srmnotesadda.in/operator-overloading/OneSignalSDKWorker.js.php]
[srmnotesadda.in/operator-overloading/index.html]
[srmnotesadda.in/wp-content/uploads/elementor/css/post-6728fd3.css]
[srmnotesadda.in/inheritance/feed/index.html]
[srmnotesadda.in/operator-overloading/index21b4.html]
[srmnotesadda.in/wp-json/wp/v2/posts/672.json]
[srmnotesadda.in/wp-json/oembed/1.0/embedc3af.json]
[srmnotesadda.in/wp-json/oembed/1.0/embedbaed]
[srmnotesadda.in/inheritance/OneSignalSDKUpdaterWorker.js.php]
[srmnotesadda.in/inheritance/OneSignalSDKWorker.js.php]
[srmnotesadda.in/inheritance/index.html]
[srmnotesadda.in/abstract-class-virtual-function-and-friend-function/feed/index.html]
[srmnotesadda.in/wp-content/uploads/elementor/css/post-668eb73.css]
[srmnotesadda.in/wp-json/wp/v2/posts/668.json]
[srmnotesadda.in/wp-json/oembed/1.0/embed75a3.json]
[srmnotesadda.in/wp-json/oembed/1.0/embeda3d1]
[srmnotesadda.in/abstract-class-virtual-function-and-friend-function/OneSignalSDKUpdaterWorker.js.php]
[srmnotesadda.in/abstract-class-virtual-function-and-friend-function/OneSignalSDKWorker.js.php]
[srmnotesadda.in/abstract-class-virtual-function-and-friend-function/index.html]
[srmnotesadda.in/wp-content/uploads/elementor/css/post-6778326.css]
[srmnotesadda.in/templates/feed/index.html]
[srmnotesadda.in/wp-json/wp/v2/posts/677.json]
[srmnotesadda.in/wp-json/oembed/1.0/embeda01d.json]
[srmnotesadda.in/wp-json/oembed/1.0/embedaeac]
[srmnotesadda.in/templates/OneSignalSDKUpdaterWorker.js.php]
[srmnotesadda.in/templates/OneSignalSDKWorker.js.php]
[srmnotesadda.in/templates/index.html]
[srmnotesadda.in/wp-content/uploads/elementor/css/post-67978a2.css]
[srmnotesadda.in/exceptional-handling/feed/index.html]
[srmnotesadda.in/wp-json/wp/v2/posts/679.json]
[srmnotesadda.in/wp-json/oembed/1.0/embeda162.json]
[srmnotesadda.in/wp-json/oembed/1.0/embed315c]
[srmnotesadda.in/exceptional-handling/OneSignalSDKUpdaterWorker.js.php]
[srmnotesadda.in/exceptional-handling/OneSignalSDKWorker.js.php]
[srmnotesadda.in/exceptional-handling/index.html]
[srmnotesadda.in/wp-content/uploads/elementor/css/post-683464d.css]
[srmnotesadda.in/stl/feed/index.html]
[srmnotesadda.in/wp-json/wp/v2/posts/683.json]
[srmnotesadda.in/wp-json/oembed/1.0/embede42b.json]
[srmnotesadda.in/wp-json/oembed/1.0/embedf216]
[srmnotesadda.in/stl/OneSignalSDKUpdaterWorker.js.php]
[srmnotesadda.in/stl/OneSignalSDKWorker.js.php]
[srmnotesadda.in/stl/index.html]
[srmnotesadda.in/io-stream/feed/index.html]
[srmnotesadda.in/wp-content/uploads/elementor/css/post-685ac4a.css]
[srmnotesadda.in/wp-json/wp/v2/posts/685.json]
[srmnotesadda.in/wp-json/oembed/1.0/embed436f.json]
[srmnotesadda.in/wp-json/oembed/1.0/embedaff4]
[srmnotesadda.in/io-stream/OneSignalSDKUpdaterWorker.js.php]
[srmnotesadda.in/io-stream/OneSignalSDKWorker.js.php]
[srmnotesadda.in/io-stream/index.html]
[srmnotesadda.in/blogs/OneSignalSDKUpdaterWorker.js.html]
[srmnotesadda.in/blogs/OneSignalSDKWorker.js.html]
[srmnotesadda.in/wp-content/uploads/elementor/css/post-178060ee.css]
[srmnotesadda.in/srm-guide-everything-you-should-know-before-taking-admission-in-srm/feed/index.html]
[srmnotesadda.in/wp-json/wp/v2/posts/1780.json]
[srmnotesadda.in/wp-json/oembed/1.0/embed1569.json]
[srmnotesadda.in/wp-json/oembed/1.0/embedfa26]
[srmnotesadda.in/srm-guide-everything-you-should-know-before-taking-admission-in-srm/OneSignalSDKUpdaterWorker.js.php]
[srmnotesadda.in/srm-guide-everything-you-should-know-before-taking-admission-in-srm/OneSignalSDKWorker.js.php]
[srmnotesadda.in/srm-guide-everything-you-should-know-before-taking-admission-in-srm/index.html]
[srmnotesadda.in/blogs/page/2/OneSignalSDKUpdaterWorker.js.php]
[srmnotesadda.in/blogs/page/2/OneSignalSDKWorker.js.php]
[srmnotesadda.in/blogs/page/2/index.html]
[srmnotesadda.in/blogs/page/3/OneSignalSDKUpdaterWorker.js.php]
[srmnotesadda.in/blogs/page/3/OneSignalSDKWorker.js.php]
[srmnotesadda.in/blogs/page/3/index.html]
[srmnotesadda.in/blogs/page/4/OneSignalSDKUpdaterWorker.js.php]
[srmnotesadda.in/blogs/page/4/OneSignalSDKWorker.js.php]
[srmnotesadda.in/blogs/page/4/index.html]
[srmnotesadda.in/indexf5ae.html]
[srmnotesadda.in/hackerrank-srm-ccc-all-solutions/OneSignalSDKUpdaterWorker.js.html]
[srmnotesadda.in/hackerrank-srm-ccc-all-solutions/OneSignalSDKWorker.js.html]
[srmnotesadda.in/wp-content/plugins/wpforms/pro/assets/images/vendor/intl-tel-input-flags.png]
[srmnotesadda.in/best-courses-for-free-on-udemy/index.html]
[srmnotesadda.in/wp-content/plugins/wpforms/pro/assets/images/vendor/intl-tel-input-flags@2x.png]
[srmnotesadda.in/wp-content/plugins/wpforms/pro/assets/css/vendor/intl-tel-input.minc0f4.css]
[srmnotesadda.in/wp-content/plugins/wpforms/assets/images/times-solid-white.svg]
[srmnotesadda.in/wp-content/plugins/wpforms/assets/css/wpforms-fullf343.css]
[srmnotesadda.in/indexb13f.html]
[srmnotesadda.in/became-the-contributor/OneSignalSDKUpdaterWorker.js.html]
[srmnotesadda.in/became-the-contributor/OneSignalSDKWorker.js.html]
[srmnotesadda.in/wp-content/plugins/wpforms/pro/assets/css/dropzone.min9f31.css]
[srmnotesadda.in/wp-content/plugins/wpforms/pro/assets/js/vendor/jquery.intl-tel-input.minc0f4.js]
[srmnotesadda.in/wp-content/plugins/wpforms/pro/assets/js/vendor/dropzone.min9f31.js]
[srmnotesadda.in/wp-content/plugins/wpforms/pro/assets/js/wpforms-file-upload.minf343.js]
[srmnotesadda.in/wp-content/plugins/wpforms/assets/js/jquery.validate.minb3a6.js]
[srmnotesadda.in/became-the-contributor/optusnet.com.au]
[srmnotesadda.in/became-the-contributor/com.au]
[srmnotesadda.in/became-the-contributor/net.au]
[srmnotesadda.in/wp-content/plugins/wpforms/assets/js/mailcheck.mincfa9.js]
[srmnotesadda.in/wp-content/plugins/wpforms/assets/js/wpformsf343.js]
[srmnotesadda.in/indexe618.html]
[srmnotesadda.in/disclaimer/OneSignalSDKUpdaterWorker.js.html]
[srmnotesadda.in/disclaimer/OneSignalSDKWorker.js.html]
[srmnotesadda.in/index2dce.html]
[srmnotesadda.in/privacy-policy/OneSignalSDKUpdaterWorker.js.html]
[srmnotesadda.in/privacy-policy/OneSignalSDKWorker.js.html]
[srmnotesadda.in/wp-content/uploads/elementor/css/post-17577f22.css]
[srmnotesadda.in/indexdbcb.html]
[srmnotesadda.in/faq/OneSignalSDKUpdaterWorker.js.html]
[srmnotesadda.in/faq/OneSignalSDKWorker.js.html]
[srmnotesadda.in/POST.html]
[srmnotesadda.in/Trident/index.html]
[srmnotesadda.in/Edge/index.html]
[srmnotesadda.in/Gecko/index.html]
[srmnotesadda.in/Firefox/index.html]
[srmnotesadda.in/Version/index.html]
[srmnotesadda.in/version/index-2.html]
[srmnotesadda.in/-negative.html]
[srmnotesadda.in/OPR/index.html]
[srmnotesadda.in/tag/srm-ap/OneSignalSDKUpdaterWorker.js.html]
[srmnotesadda.in/tag/srm-ap/OneSignalSDKWorker.js.html]
[srmnotesadda.in/tag/srm-chennai/OneSignalSDKUpdaterWorker.js.html]
[srmnotesadda.in/tag/srm-chennai/OneSignalSDKWorker.js.html]
[srmnotesadda.in/tag/srm-coding/OneSignalSDKUpdaterWorker.js.html]
[srmnotesadda.in/tag/srm-coding/OneSignalSDKWorker.js.html]
[srmnotesadda.in/tag/srm-coding-society/OneSignalSDKUpdaterWorker.js.html]
[srmnotesadda.in/tag/srm-coding-society/OneSignalSDKWorker.js.html]
[srmnotesadda.in/tag/srm-elab/OneSignalSDKUpdaterWorker.js.html]
[srmnotesadda.in/tag/srm-elab/OneSignalSDKWorker.js.html]
[srmnotesadda.in/tag/srm-oops/OneSignalSDKUpdaterWorker.js.html]
[srmnotesadda.in/tag/srm-oops/OneSignalSDKWorker.js.html]
[srmnotesadda.in/tag/srm-ramapuram/OneSignalSDKUpdaterWorker.js.html]
[srmnotesadda.in/tag/srm-ramapuram/OneSignalSDKWorker.js.html]
[srmnotesadda.in/tag/srm-sonipat/OneSignalSDKUpdaterWorker.js.html]
[srmnotesadda.in/tag/srm-sonipat/OneSignalSDKWorker.js.html]
[srmnotesadda.in/tag/srm-c/OneSignalSDKUpdaterWorker.js.html]
[srmnotesadda.in/tag/srm-c/OneSignalSDKWorker.js.html]
[srmnotesadda.in/wp-content/uploads/elementor/css/post-8232f9c.css]
[srmnotesadda.in/index3239.html]
[srmnotesadda.in/searching/OneSignalSDKUpdaterWorker.js.html]
[srmnotesadda.in/searching/OneSignalSDKWorker.js.html]
[srmnotesadda.in/searching/indexb951.html]
[srmnotesadda.in/wp-content/uploads/elementor/css/post-83028c3.css]
[srmnotesadda.in/index975e.html]
[srmnotesadda.in/sorting/OneSignalSDKUpdaterWorker.js.html]
[srmnotesadda.in/sorting/OneSignalSDKWorker.js.html]
[srmnotesadda.in/sorting/indexa858.html]
[srmnotesadda.in/sorting/index04d3.html]
[srmnotesadda.in/wp-content/uploads/elementor/css/post-843ff45.css]
[srmnotesadda.in/index6a26.html]
[srmnotesadda.in/arrays/OneSignalSDKUpdaterWorker.js.html]
[srmnotesadda.in/arrays/OneSignalSDKWorker.js.html]
[srmnotesadda.in/wp-content/uploads/elementor/css/post-8493f76.css]
[srmnotesadda.in/indexf573.html]
[srmnotesadda.in/linked-list/OneSignalSDKUpdaterWorker.js.html]
[srmnotesadda.in/linked-list/OneSignalSDKWorker.js.html]
[srmnotesadda.in/wp-content/uploads/elementor/css/post-8554b04.css]
[srmnotesadda.in/indexc3f0.html]
[srmnotesadda.in/stack/OneSignalSDKUpdaterWorker.js.html]
[srmnotesadda.in/stack/OneSignalSDKWorker.js.html]
[srmnotesadda.in/wp-content/uploads/elementor/css/post-861bf37.css]
[srmnotesadda.in/index2bd3.html]
[srmnotesadda.in/queue/OneSignalSDKUpdaterWorker.js.html]
[srmnotesadda.in/queue/OneSignalSDKWorker.js.html]
[srmnotesadda.in/wp-content/uploads/elementor/css/post-8729e27.css]
[srmnotesadda.in/index6239.html]
[srmnotesadda.in/tree-1/OneSignalSDKUpdaterWorker.js.html]
[srmnotesadda.in/tree-1/OneSignalSDKWorker.js.html]
[vtreviews.in/wp-content/uploads/2020/10/category-stripe_template_PC80V.1a1.delayed]
[srmnotesadda.in/wp-content/uploads/elementor/css/post-8753102.css]
[srmnotesadda.in/index527a.html]
[srmnotesadda.in/tree-2/OneSignalSDKUpdaterWorker.js.html]
[srmnotesadda.in/tree-2/OneSignalSDKWorker.js.html]
[srmnotesadda.in/tree-2/index360b.html]
[vtreviews.in/wp-content/uploads/2020/10/PEA_PB_PC_English.1a2.delayed]
[srmnotesadda.in/wp-content/uploads/elementor/css/post-880cecf.css]
[srmnotesadda.in/index0d89.html]
[srmnotesadda.in/graph/OneSignalSDKUpdaterWorker.js.html]
[srmnotesadda.in/graph/OneSignalSDKWorker.js.html]
[srmnotesadda.in/wp-content/uploads/elementor/css/post-886283b.css]
[srmnotesadda.in/index6cf4.html]
[srmnotesadda.in/hashing/OneSignalSDKUpdaterWorker.js.html]
[srmnotesadda.in/hashing/OneSignalSDKWorker.js.html]
[srmnotesadda.in/wp-content/uploads/elementor/css/post-655e7fd.css]
[srmnotesadda.in/indexef11.html]
[srmnotesadda.in/i-o-operations/OneSignalSDKUpdaterWorker.js.html]
[srmnotesadda.in/i-o-operations/OneSignalSDKWorker.js.html]
[srmnotesadda.in/wp-content/uploads/elementor/css/post-656d9df.css]
[srmnotesadda.in/indexe712.html]
[srmnotesadda.in/classes-functions-and-constructors/OneSignalSDKUpdaterWorker.js.html]
[srmnotesadda.in/classes-functions-and-constructors/OneSignalSDKWorker.js.html]
[srmnotesadda.in/classes-functions-and-constructors/index0e22.html]
[srmnotesadda.in/classes-functions-and-constructors/index3094.html]
[srmnotesadda.in/wp-content/uploads/elementor/css/post-661a134.css]
[srmnotesadda.in/indexd4f5.html]
[srmnotesadda.in/function-and-constructor-overloading/OneSignalSDKUpdaterWorker.js.html]
[srmnotesadda.in/function-and-constructor-overloading/OneSignalSDKWorker.js.html]
[srmnotesadda.in/wp-content/uploads/elementor/css/post-665f526.css]
[srmnotesadda.in/index2bcd.html]
[srmnotesadda.in/operator-overloading/OneSignalSDKUpdaterWorker.js.html]
[srmnotesadda.in/operator-overloading/OneSignalSDKWorker.js.html]
[srmnotesadda.in/operator-overloading/index21b4.html]
[srmnotesadda.in/wp-content/uploads/elementor/css/post-6728fd3.css]
[srmnotesadda.in/indexaa11.html]
[srmnotesadda.in/inheritance/OneSignalSDKUpdaterWorker.js.html]
[srmnotesadda.in/inheritance/OneSignalSDKWorker.js.html]
[srmnotesadda.in/wp-content/uploads/elementor/css/post-668eb73.css]
[srmnotesadda.in/index1cc0.html]
[srmnotesadda.in/abstract-class-virtual-function-and-friend-function/OneSignalSDKUpdaterWorker.js.html]
[srmnotesadda.in/abstract-class-virtual-function-and-friend-function/OneSignalSDKWorker.js.html]
[srmnotesadda.in/wp-content/uploads/elementor/css/post-6778326.css]
[srmnotesadda.in/indexc128.html]
[srmnotesadda.in/templates/OneSignalSDKUpdaterWorker.js.html]
[srmnotesadda.in/templates/OneSignalSDKWorker.js.html]
[srmnotesadda.in/wp-content/uploads/elementor/css/post-67978a2.css]
[srmnotesadda.in/indexb4ec.html]
[srmnotesadda.in/exceptional-handling/OneSignalSDKUpdaterWorker.js.html]
[srmnotesadda.in/exceptional-handling/OneSignalSDKWorker.js.html]
[srmnotesadda.in/wp-content/uploads/elementor/css/post-683464d.css]
[srmnotesadda.in/index4b0e.html]
[srmnotesadda.in/stl/OneSignalSDKUpdaterWorker.js.html]
[srmnotesadda.in/stl/OneSignalSDKWorker.js.html]
[srmnotesadda.in/wp-content/uploads/elementor/css/post-685ac4a.css]
[srmnotesadda.in/index0111.html]
[srmnotesadda.in/io-stream/OneSignalSDKUpdaterWorker.js.html]
[srmnotesadda.in/io-stream/OneSignalSDKWorker.js.html]
[srmnotesadda.in/wp-content/uploads/elementor/css/post-178060ee.css]
[srmnotesadda.in/indexef2b.html]
[srmnotesadda.in/srm-guide-everything-you-should-know-before-taking-admission-in-srm/OneSignalSDKUpdaterWorker.js.html]
[srmnotesadda.in/srm-guide-everything-you-should-know-before-taking-admission-in-srm/OneSignalSDKWorker.js.html]
[srmnotesadda.in/blogs/page/2/OneSignalSDKUpdaterWorker.js.html]
[srmnotesadda.in/blogs/page/2/OneSignalSDKWorker.js.html]
[srmnotesadda.in/blogs/page/3/OneSignalSDKUpdaterWorker.js.html]
[srmnotesadda.in/blogs/page/3/OneSignalSDKWorker.js.html]
[srmnotesadda.in/blogs/page/4/OneSignalSDKUpdaterWorker.js.html]
[srmnotesadda.in/blogs/page/4/OneSignalSDKWorker.js.html]
[srmnotesadda.in/best-courses-for-free-on-udemy/feed/index.html]
[srmnotesadda.in/wp-content/uploads/elementor/css/post-58165ce.css]
[srmnotesadda.in/wp-json/wp/v2/posts/581.json]
[srmnotesadda.in/wp-json/oembed/1.0/embeddb36.json]
[srmnotesadda.in/wp-json/oembed/1.0/embedac25]
[srmnotesadda.in/best-courses-for-free-on-udemy/OneSignalSDKUpdaterWorker.js.php]
[srmnotesadda.in/best-courses-for-free-on-udemy/OneSignalSDKWorker.js.php]
[vtreviews.in/wp-content/uploads/2020/07/about-default-1-1024x538.png]
[vtreviews.in/wp-content/uploads/2020/08/maxresdefault-2.png]
[vtreviews.in/wp-content/uploads/2020/08/aws-training-110620-300x180.png]
[vtreviews.in/wp-content/uploads/2020/08/594360_bee2_2-300x169.jpg]
[vtreviews.in/wp-content/uploads/2020/08/images-2-300x160.jpg]
[vtreviews.in/wp-content/uploads/2020/08/3084128_009e-300x169.jpg]
[vtreviews.in/wp-content/uploads/2020/08/2155538_297b-300x169.jpg]
[vtreviews.in/wp-content/uploads/2020/08/1258298_1493_5.jpg]
[vtreviews.in/wp-content/uploads/2020/08/552672_e2b6_5.jpg]
[vtreviews.in/wp-content/uploads/2020/08/924216_960c_2.jpg]
[vtreviews.in/wp-content/uploads/2020/08/917724_114b_12.jpg]
[srmnotesadda.in/best-courses-for-free-on-udemy/index.html]
[srmnotesadda.in/wp-content/plugins/wpforms/assets/images/times-solid-white.svg]
[srmnotesadda.in/became-the-contributor/optusnet.com.html]
[srmnotesadda.in/became-the-contributor/com.html]
[srmnotesadda.in/tag/best-courses-online/index.html]
[srmnotesadda.in/became-the-contributor/net.html]
[srmnotesadda.in/tag/best-learning/index.html]
[vtreviews.in/wp-content/uploads/2020/10/category-stripe_template_PC80V.html]
[srmnotesadda.in/tag/free-online-courses/index.html]
[vtreviews.in/wp-content/uploads/2020/10/PEA_PB_PC_English.html]
[srmnotesadda.in/tag/free-it-training/index.html]
[srmnotesadda.in/tag/free-learning/index.html]
[srmnotesadda.in/wp-content/uploads/elementor/css/post-58165ce.css]
[srmnotesadda.in/index84df.html]
[srmnotesadda.in/best-courses-for-free-on-udemy/OneSignalSDKUpdaterWorker.js.html]
[srmnotesadda.in/best-courses-for-free-on-udemy/OneSignalSDKWorker.js.html]
[srmnotesadda.in/tag/free-training/index.html]
[srmnotesadda.in/tag/online-certifications-free/index.html]
[srmnotesadda.in/tag/udemy-free-courses/index.html]
[srmnotesadda.in/wp-json/wp/v2/tags/19.json]
[srmnotesadda.in/tag/best-courses-online/feed/index.html]
[srmnotesadda.in/tag/best-courses-online/OneSignalSDKUpdaterWorker.js.php]
[srmnotesadda.in/tag/best-courses-online/OneSignalSDKWorker.js.php]
[srmnotesadda.in/tag/best-courses-online/index.html]
[srmnotesadda.in/wp-json/wp/v2/tags/20.json]
[srmnotesadda.in/tag/best-learning/feed/index.html]
[srmnotesadda.in/tag/best-learning/OneSignalSDKUpdaterWorker.js.php]
[srmnotesadda.in/tag/best-learning/OneSignalSDKWorker.js.php]
[srmnotesadda.in/tag/best-learning/index.html]
[srmnotesadda.in/wp-json/wp/v2/tags/21.json]
[srmnotesadda.in/tag/free-it-training/feed/index.html]
[srmnotesadda.in/tag/free-it-training/OneSignalSDKUpdaterWorker.js.php]
[srmnotesadda.in/tag/free-it-training/OneSignalSDKWorker.js.php]
[srmnotesadda.in/tag/free-it-training/index.html]
[srmnotesadda.in/wp-json/wp/v2/tags/22.json]
[srmnotesadda.in/tag/free-learning/feed/index.html]
[srmnotesadda.in/tag/free-learning/OneSignalSDKUpdaterWorker.js.php]
[srmnotesadda.in/tag/free-learning/OneSignalSDKWorker.js.php]
[srmnotesadda.in/tag/free-learning/index.html]
[srmnotesadda.in/wp-json/wp/v2/tags/23.json]
[srmnotesadda.in/tag/free-online-courses/feed/index.html]
[srmnotesadda.in/tag/free-online-courses/OneSignalSDKUpdaterWorker.js.php]
[srmnotesadda.in/tag/free-online-courses/OneSignalSDKWorker.js.php]
[srmnotesadda.in/tag/free-online-courses/index.html]
[srmnotesadda.in/wp-json/wp/v2/tags/24.json]
[srmnotesadda.in/tag/free-training/feed/index.html]
[srmnotesadda.in/tag/free-training/OneSignalSDKUpdaterWorker.js.php]
[srmnotesadda.in/tag/free-training/OneSignalSDKWorker.js.php]
[srmnotesadda.in/tag/free-training/index.html]
[srmnotesadda.in/wp-json/wp/v2/tags/25.json]
[srmnotesadda.in/tag/online-certifications-free/feed/index.html]
[srmnotesadda.in/tag/online-certifications-free/OneSignalSDKUpdaterWorker.js.php]
[srmnotesadda.in/tag/online-certifications-free/OneSignalSDKWorker.js.php]
[srmnotesadda.in/tag/online-certifications-free/index.html]
[srmnotesadda.in/wp-json/wp/v2/tags/27.json]
[srmnotesadda.in/tag/udemy-free-courses/OneSignalSDKUpdaterWorker.js.php]
[srmnotesadda.in/tag/udemy-free-courses/feed/index.html]
[srmnotesadda.in/tag/udemy-free-courses/OneSignalSDKWorker.js.php]
[srmnotesadda.in/tag/udemy-free-courses/index.html]
[srmnotesadda.in/tag/best-courses-online/OneSignalSDKUpdaterWorker.js.html]
[srmnotesadda.in/tag/best-courses-online/OneSignalSDKWorker.js.html]
[srmnotesadda.in/tag/best-learning/OneSignalSDKUpdaterWorker.js.html]
[srmnotesadda.in/tag/best-learning/OneSignalSDKWorker.js.html]
[srmnotesadda.in/tag/free-it-training/OneSignalSDKUpdaterWorker.js.html]
[srmnotesadda.in/tag/free-it-training/OneSignalSDKWorker.js.html]
[srmnotesadda.in/tag/free-learning/OneSignalSDKUpdaterWorker.js.html]
[srmnotesadda.in/tag/free-learning/OneSignalSDKWorker.js.html]
[srmnotesadda.in/tag/free-online-courses/OneSignalSDKUpdaterWorker.js.html]
[srmnotesadda.in/tag/free-online-courses/OneSignalSDKWorker.js.html]
[srmnotesadda.in/tag/free-training/OneSignalSDKUpdaterWorker.js.html]
[srmnotesadda.in/tag/free-training/OneSignalSDKWorker.js.html]
[srmnotesadda.in/tag/online-certifications-free/OneSignalSDKUpdaterWorker.js.html]
[srmnotesadda.in/tag/online-certifications-free/OneSignalSDKWorker.js.html]
[srmnotesadda.in/tag/udemy-free-courses/OneSignalSDKUpdaterWorker.js.html]
[srmnotesadda.in/tag/udemy-free-courses/OneSignalSDKWorker.js.html]
